2.2861 	WARNING 	The 'psychtoolbox' library cannot be loaded but is required for audio capture (use `pip install psychtoolbox` to get it). Microphone recording will be unavailable this session. Note that opening a microphone stream will raise an error.
2.2893 	ERROR 	Support for the `sounddevice` audio backend is not available this session. Please install `psychopy-sounddevice` and restart the session to enable support.
2.2895 	ERROR 	Support for the `pyo` audio backend is not available this session. Please install `psychopy-pyo` and restart the session to enable support.
2.2897 	WARNING 	We strongly recommend you activate the PTB sound engine in PsychoPy prefs as the preferred audio engine. Its timing is vastly superior. Your prefs are currently set to use ['PTB', 'sounddevice', 'pyo', 'pygame'] (in that order).
2.3021 	INFO 	time is 2024-09-08 17:00:52,131140
2.3271 	WARNING 	Monitor specification not found. Creating a temporary one...
2.3302 	WARNING 	User requested fullscreen with size [1350  750], but screen is actually [1920, 1080]. Using actual size
3.4557 	WARNING 	Couldn't measure a consistent frame rate!
  - Is your graphics card set to sync to vertical blank?
  - Are you running other processes on your computer?

3.4563 	EXP 	Created window1 = Window(allowGUI=True, allowStencil=False, autoLog=True, backendConf=UNKNOWN, backgroundFit=<method-wrapper '__getattribute__' of attributeSetter object at 0x16f025040>, backgroundImage=<method-wrapper '__getattribute__' of attributeSetter object at 0x16f010fd0>, bitsMode=UNKNOWN, blendMode='avg', bpc=(8, 8, 8), color=array([0, 0, 0]), colorSpace='rgb', depthBits=8, fullscr=<method-wrapper '__getattribute__' of attributeSetter object at 0x16f010e20>, gamma=None, gammaErrorPolicy='raise', lms=UNKNOWN, monitor=<psychopy.monitors.calibTools.Monitor object at 0x305e4b760>, multiSample=False, name='window1', numSamples=2, pos=[480.0, 270.0], screen=0, size=array([3840, 2160]), stencilBits=0, stereo=False, title='PsychoPy', units='height', useFBO=False, useRetina=True, viewOri=0.0, viewPos=None, viewScale=None, waitBlanking=True, winType='pyglet')
3.4566 	EXP 	window1: mouseVisible = True
3.4567 	EXP 	window1: backgroundImage = None
3.4567 	EXP 	window1: backgroundFit = 'cover'
3.4606 	INFO 	Mouse: using default window
3.4608 	EXP 	window1: mouseVisible = True
3.4625 	EXP 	window1: mouseVisible = False
3.4625 	EXP 	window1: units = 'pix'
3.4626 	INFO 	Mouse: using default window
3.6732 	WARNING 	t of last frame was 212.72ms (=1/4)
7.0549 	DATA 	Keypress: q
7.0599 	WARNING 	t of last frame was 3386.62ms (=1/0)
11.8535 	DATA 	Keypress: 1
12.6133 	DATA 	Keypress: space
12.6179 	WARNING 	t of last frame was 5529.36ms (=1/0)
